// Jest Snapshot v1, https://goo.gl/fbAQLP

exports[`Testing the <BicycleShow /> component should render the component correctly 1`] = `
<div
  className="bicycle-show container mt-5 animate__animated animate__fadeIn"
>
  <div
    className="row align-items-center"
  >
    <div
      className="col-lg-7 col-md-12 mb-4"
    >
      <img
        className="bicycle-photo"
      />
    </div>
    <div
      className="col-lg-5 col-md-12 bicycle-info mb-5"
    >
      <h2
        className="bicycle-name"
      />
      <p
        className="text-muted bicycle-description"
      />
      <p
        className="mb-3 custom-name"
      >
        <strong>
          Wheel size
        </strong>
         
      </p>
      <div
        className="customization d-flex"
      />
      <p
        className="mb-0 custom-name"
      >
        <strong>
          Rim color
        </strong>
      </p>
      <div
        className="customization d-flex mb-3"
        id="color-customization"
      />
      <p
        className="mb-0 custom-name"
      >
        <strong>
          Saddle color
        </strong>
      </p>
      <div
        className="customization d-flex mb-3"
        id="color-customization"
      />
      <a
        href="/bicycle/26/order"
        onClick={[Function]}
      >
        <button
          className="btn btn-outline-success btn-block mb-5"
          id="btn-to-form"
        >
          Buy
        </button>
      </a>
    </div>
  </div>
</div>
`;
